// Jest Snapshot v1, https://goo.gl/fbAQLP

exports[`FourOhFour 1`] = `
<a
  href="/"
>
  <div
    class="mdc-typography--headline2"
  >
    FourOhFour
  </div>
</a>
`;
